[bhamashah.rajasthan.gov.in/content/raj/bhamashah/en/home.html]
[backblue.gif]
[fade.gif]
[index.html]
[bhamashah.rajasthan.gov.in/etc/designs/bhamashah/clientlib/publish.min.css]
[bhamashah.rajasthan.gov.in/etc/designs/bhamashah/pop-up.min.css]
[bhamashah.rajasthan.gov.in/etc/designs/bhamashah/pop-up.min.js]
[bhamashah.rajasthan.gov.in/content/dam/doitassets/Bhamashah/Images/national_logo.png]
[bhamashah.rajasthan.gov.in/content/dam/doitassets/Bhamashah/Images/logo_big.png]
[bhamashah.rajasthan.gov.in/content/raj/bhamashah/en/circulars-letters.html]
[bhamashah.rajasthan.gov.in/content/raj/bhamashah/en/presentation.html]
[bhamashah.rajasthan.gov.in/content/raj/bhamashah/en/brochure.html]
[bhamashah.rajasthan.gov.in/etc/designs/bhamashah/clientlib/core/js/plugins/jquery-1.12.1.js]
[bhamashah.rajasthan.gov.in/content/raj/bhamashah/en/reports.html]
[bhamashah.rajasthan.gov.in/content/raj/bhamashah/en/nearest-enrollment-center.html]
[bhamashah.rajasthan.gov.in/content/raj/bhamashah/en/links-to-important-websites.html]
[bhamashah.rajasthan.gov.in/content/raj/bhamashah/en/news-list.html]
[bhamashah.rajasthan.gov.in/content/raj/bhamashah/en/iec.html]
[bhamashah.rajasthan.gov.in/content/raj/bhamashah/en/e-transaction.html]
[bhamashah.rajasthan.gov.in/content/raj/bhamashah/en/tenders.html]
[bhamashah.rajasthan.gov.in/content/raj/bhamashah/en/photo-gallery.html]
[bhamashah.rajasthan.gov.in/content/raj/bhamashah/en/video-gallery.html]
[bhamashah.rajasthan.gov.in/content/raj/bhamashah/en/telephone-directory.html]
[bhamashah.rajasthan.gov.in/content/raj/bhamashah/en/contact-us.html]
[bhamashah.rajasthan.gov.in/content/raj/bhamashah/en/screen-reader-access.html]
[bhamashah.rajasthan.gov.in/content/dam/doitassets/Bhamashah/Images/bhamasha-image02.jpg]
[bhamashah.rajasthan.gov.in/content/dam/doitassets/Bhamashah/Images/collage-rajasthan.jpg]
[bhamashah.rajasthan.gov.in/content/dam/doitassets/Bhamashah/Images/bhamashah-image01.jpg]
[bhamashah.rajasthan.gov.in/content/dam/doitassets/Bhamashah/Images/bhamashah04.jpg]
[bhamashah.rajasthan.gov.in/content/dam/doitassets/Bhamashah/Images/cm-rajasthan.png]
[bhamashah.rajasthan.gov.in/content/dam/doitassets/Bhamashah/Images/about-yojana.jpg]
[bhamashah.rajasthan.gov.in/etc/designs/aembootstrap/clientlib-imagetext.min.css]
[bhamashah.rajasthan.gov.in/content/dam/doitassets/Bhamashah/Images/card.png]
[bhamashah.rajasthan.gov.in/etc/designs/aembootstrap/rssfeed-teaser.min.css]
[bhamashah.rajasthan.gov.in/etc/designs/aembootstrap/rssfeed-teaser.min.js]
[rajbot.rajasthan.gov.in/rajbot/user/images/bhudhiya.png]
[rajbot.rajasthan.gov.in/rajbot/user/js/jquery-3.1.1.js]
[rajbot.rajasthan.gov.in/rajbot/user/js/jquery-1.9.1.min.js]
[rajbot.rajasthan.gov.in/rajbot/user/js/jquery-migrate-1.2.1.min.js]
[rajbot.rajasthan.gov.in/rajbot/user/js/jquery-ui-1.8.5.custom.min.js]
[rajbot.rajasthan.gov.in/rajbot/user/js/jquery.ui.dialog.ics.custom.js]
[rajbot.rajasthan.gov.in/rajbot/user/js/cookies.js]
[rajbot.rajasthan.gov.in/rajbot/user/js/virtual-assistant.min.js]
[bhamashah.rajasthan.gov.in/content/raj/bhamashah/en/home.html]
[bhamashah.rajasthan.gov.in/content/raj/bhamashah/en/null.html]
[bhamashah.rajasthan.gov.in/etc/designs/bhamashah/clientlib/core/fonts/glyphicons-halflings-regular.eot]
[bhamashah.rajasthan.gov.in/etc/designs/bhamashah/clientlib/core/fonts/glyphicons-halflings-regulard41d.eot]
[bhamashah.rajasthan.gov.in/etc/designs/bhamashah/clientlib/core/fonts/glyphicons-halflings-regular.woff]
[bhamashah.rajasthan.gov.in/etc/designs/bhamashah/clientlib/core/fonts/glyphicons-halflings-regular.ttf]
[bhamashah.rajasthan.gov.in/etc/designs/bhamashah/clientlib/core/fonts/glyphicons-halflings-regular.svg]
[bhamashah.rajasthan.gov.in/etc/designs/bhamashah/clientlib/core/fonts/fontawesome-webfont3295.eot]
[bhamashah.rajasthan.gov.in/etc/designs/bhamashah/clientlib/core/fonts/fontawesome-webfontd41d.eot]
[bhamashah.rajasthan.gov.in/etc/designs/bhamashah/clientlib/core/fonts/fontawesome-webfont3295.woff2]
[bhamashah.rajasthan.gov.in/etc/designs/bhamashah/clientlib/core/fonts/fontawesome-webfont3295.woff]
[bhamashah.rajasthan.gov.in/etc/designs/bhamashah/clientlib/core/fonts/fontawesome-webfont3295.svg]
[bhamashah.rajasthan.gov.in/etc/designs/bhamashah/clientlib/publish.min.js]
[bhamashah.rajasthan.gov.in/etc/designs/bhamashah/clientlib/core/fonts/fontawesome-webfont3295.ttf]
[bhamashah.rajasthan.gov.in/etc/designs/bhamashah/clientlib/core/fonts/Lato-Regular.eot]
[bhamashah.rajasthan.gov.in/etc/designs/bhamashah/clientlib/core/fonts/Lato-Regular.woff]
[bhamashah.rajasthan.gov.in/etc/designs/bhamashah/clientlib/core/fonts/Lato-Regular.ttf]
[bhamashah.rajasthan.gov.in/etc/designs/bhamashah/clientlib/core/fonts/Lato-Regular.svg]
[bhamashah.rajasthan.gov.in/etc/designs/bhamashah/clientlib/core/fonts/opensans-light.eot]
[bhamashah.rajasthan.gov.in/etc/designs/bhamashah/clientlib/core/fonts/opensans-light.woff]
[bhamashah.rajasthan.gov.in/etc/designs/bhamashah/clientlib/core/fonts/opensans-light.ttf]
[bhamashah.rajasthan.gov.in/etc/designs/bhamashah/clientlib/core/fonts/opensans-regular.eot]
[bhamashah.rajasthan.gov.in/etc/designs/bhamashah/clientlib/core/fonts/opensans-regular.woff]
[bhamashah.rajasthan.gov.in/etc/designs/bhamashah/clientlib/core/fonts/opensans-regular.ttf]
[bhamashah.rajasthan.gov.in/etc/designs/bhamashah/clientlib/core/fonts/digital.eot]
[bhamashah.rajasthan.gov.in/etc/designs/bhamashah/clientlib/core/fonts/digitald41d.eot]
[bhamashah.rajasthan.gov.in/etc/designs/bhamashah/clientlib/core/fonts/digital.woff]
[bhamashah.rajasthan.gov.in/etc/designs/bhamashah/clientlib/core/fonts/digital.svg]
[bhamashah.rajasthan.gov.in/etc/designs/bhamashah/clientlib/publish.min.css]
[bhamashah.rajasthan.gov.in/content/dam/doitassets/Bhamashah/Images/rajasthan-tours-bg.jpg]
[bhamashah.rajasthan.gov.in/etc/designs/bhamashah/pop-up.min.css]
[bhamashah.rajasthan.gov.in/content/raj/bhamashah/en/circulars-letters.html]
[bhamashah.rajasthan.gov.in/content/raj/bhamashah/en/presentation.html]
[bhamashah.rajasthan.gov.in/content/raj/bhamashah/en/brochure.html]
[bhamashah.rajasthan.gov.in/content/raj/bhamashah/en/reports.html]
[bhamashah.rajasthan.gov.in/content/raj/bhamashah/en/nearest-enrollment-center.html]
[bhamashah.rajasthan.gov.in/content/raj/bhamashah/en/links-to-important-websites.html]
[bhamashah.rajasthan.gov.in/etc/designs/phed/tender.min.css]
[bhamashah.rajasthan.gov.in/etc/designs/aembootstrap/tender.min.css]
[bhamashah.rajasthan.gov.in/content/raj/bhamashah/en/news-list/detail-1.html]
[bhamashah.rajasthan.gov.in/content/raj/bhamashah/en/news-list/detail-2.html]
[bhamashah.rajasthan.gov.in/content/raj/bhamashah/en/news-list/news-3.html]
[bhamashah.rajasthan.gov.in/content/raj/bhamashah/en/news-list/gram-sabha-28-11-2016.html]
[bhamashah.rajasthan.gov.in/content/raj/bhamashah/en/news-list/e-mitra-pay-points1.html]
[bhamashah.rajasthan.gov.in/content/raj/bhamashah/en/news-list/emitra-pay-points.html]
[bhamashah.rajasthan.gov.in/content/raj/bhamashah/en/news-list/_---_-_.html]
[bhamashah.rajasthan.gov.in/content/dam/doitassets/Bhamashah/Images/Happening state.jpg]
[bhamashah.rajasthan.gov.in/etc/designs/phed/tender.min.js]
[bhamashah.rajasthan.gov.in/content/raj/bhamashah/en/news-list/digital-economy.html]
[bhamashah.rajasthan.gov.in/content/dam/doitassets/common/images/popup/BhamashahAd.jpg]
[bhamashah.rajasthan.gov.in/etc/designs/aembootstrap/tender.min.js]
[bhamashah.rajasthan.gov.in/content/raj/bhamashah/en/news-list/_-_-_-_-_-_.html]
[bhamashah.rajasthan.gov.in/content/raj/bhamashah/en/news-list/_-_-_.html]
[bhamashah.rajasthan.gov.in/content/raj/bhamashah/en/news-list.html]
[bhamashah.rajasthan.gov.in/content/dam/doitassets/Bhamashah/Images/Banner 6 x 3 ft - 26 July.jpg]
[bhamashah.rajasthan.gov.in/content/dam/doitassets/Bhamashah/Images/HCM app 6 x 3.jpg]
[bhamashah.rajasthan.gov.in/content/dam/doitassets/Bhamashah/Images/Bhamashah Banner 8X3 (3).jpg]
[bhamashah.rajasthan.gov.in/content/raj/bhamashah/en/iec.html]
[bhamashah.rajasthan.gov.in/etc/designs/bhamashah/clientlib/core/images/gear.gif]
[bhamashah.rajasthan.gov.in/content/raj/bhamashah/en/e-transaction.html]
[bhamashah.rajasthan.gov.in/content/raj/bhamashah/en/tenders.html]
[bhamashah.rajasthan.gov.in/content/dam/doitassets/Bhamashah/Images/Asrlayi-Pali.jpg]
[bhamashah.rajasthan.gov.in/content/dam/doitassets/Bhamashah/Images/Badiyal khurd Photos  2.jpg]
[bhamashah.rajasthan.gov.in/content/dam/doitassets/Bhamashah/Images/bhamashah01.jpg]
[bhamashah.rajasthan.gov.in/content/dam/doitassets/Bhamashah/Images/alwar.jpg]
[bhamashah.rajasthan.gov.in/content/dam/doitassets/Bhamashah/Images/DSC_0365.jpg]
[bhamashah.rajasthan.gov.in/content/dam/doitassets/Bhamashah/Images/Bhamashah 1st Enrolment Lady In Tehsil Karanpur Distt Ganganagar.jpg]
[bhamashah.rajasthan.gov.in/content/dam/doitassets/Bhamashah/Images/IMG-20160424-WA0200.jpg]
[bhamashah.rajasthan.gov.in/content/dam/doitassets/Bhamashah/Images/bhamashah05.jpg]
[bhamashah.rajasthan.gov.in/content/dam/doitassets/Bhamashah/Images/Bharatpur.jpg]
[bhamashah.rajasthan.gov.in/content/dam/doitassets/Bhamashah/Images/udaipur.jpg]
[bhamashah.rajasthan.gov.in/content/raj/bhamashah/en/photo-gallery.html]
[bhamashah.rajasthan.gov.in/content/raj/bhamashah/en/video-gallery.html]
[bhamashah.rajasthan.gov.in/content/raj/bhamashah/en/telephone-directory.html]
[bhamashah.rajasthan.gov.in/content/raj/bhamashah/en/contact-us.html]
[bhamashah.rajasthan.gov.in/content/raj/bhamashah/en/screen-reader-access.html]
[bhamashah.rajasthan.gov.in/etc/designs/aembootstrap/clientlib-imagetext.min.css]
[bhamashah.rajasthan.gov.in/etc/designs/aembootstrap/clientlib-imagetext.min.js]
[bhamashah.rajasthan.gov.in/etc/designs/aembootstrap/rssfeed-teaser.min.css]
[rajbot.rajasthan.gov.in/rajbot/images/rajasthani.html]
[rajbot.rajasthan.gov.in/rajbot/user/images/rajasthani.png]
[rajbot.rajasthan.gov.in/rajbot/user/images/teji.png]
[rajbot.rajasthan.gov.in/rajbot/user/images/gov.png]
[rajbot.rajasthan.gov.in/rajbot/user/images/main_logo.png]
[rajbot.rajasthan.gov.in/rajbot/user/css/botstyle.css]
[rajbot.rajasthan.gov.in/rajbot/user/css/ics.css]
[bhamashah.rajasthan.gov.in/etc/designs/bhamashah/clientlib/core/fonts/glyphicons-halflings-regular.html]
[bhamashah.rajasthan.gov.in/etc/designs/bhamashah/clientlib/core/fonts/glyphicons-halflings-regular.svg]
[bhamashah.rajasthan.gov.in/etc/designs/bhamashah/clientlib/core/fonts/fontawesome-webfont3295.svg]
[bhamashah.rajasthan.gov.in/etc/designs/bhamashah/clientlib/core/css/plugins/owl.video.play.html]
[bhamashah.rajasthan.gov.in/etc/designs/bhamashah/clientlib/core/css/images/sort_both.html]
[bhamashah.rajasthan.gov.in/etc/designs/bhamashah/clientlib/core/css/images/sort_asc.html]
[bhamashah.rajasthan.gov.in/etc/designs/bhamashah/clientlib/core/css/images/sort_desc.html]
[bhamashah.rajasthan.gov.in/etc/designs/bhamashah/clientlib/core/css/images/sort_asc_disabled.html]
[bhamashah.rajasthan.gov.in/etc/designs/bhamashah/clientlib/core/css/images/sort_desc_disabled.html]
[bhamashah.rajasthan.gov.in/etc/designs/bhamashah/clientlib/core/fonts/Lato-Regular.svg]
[bhamashah.rajasthan.gov.in/etc/designs/bhamashah/clientlib/core/fonts/digital.html]
[bhamashah.rajasthan.gov.in/etc/designs/bhamashah/clientlib/core/fonts/digital.svg]
[bhamashah.rajasthan.gov.in/etc/designs/phed/tender.min.css]
[bhamashah.rajasthan.gov.in/etc/designs/aembootstrap/tender.min.css]
[bhamashah.rajasthan.gov.in/content/raj/bhamashah/en/news-list/detail-1.html]
[bhamashah.rajasthan.gov.in/content/raj/bhamashah/en/news-list/detail-2.html]
[bhamashah.rajasthan.gov.in/content/raj/bhamashah/en/news-list/news-3.html]
[bhamashah.rajasthan.gov.in/content/raj/bhamashah/en/news-list/gram-sabha-28-11-2016.html]
[bhamashah.rajasthan.gov.in/content/raj/bhamashah/en/news-list/e-mitra-pay-points1.html]
[bhamashah.rajasthan.gov.in/content/raj/bhamashah/en/news-list/emitra-pay-points.html]
[bhamashah.rajasthan.gov.in/content/raj/bhamashah/en/news-list/_---_-_.html]
[bhamashah.rajasthan.gov.in/content/raj/bhamashah/en/news-list/digital-economy.html]
[bhamashah.rajasthan.gov.in/content/raj/bhamashah/en/news-list/_-_-_-_-_-_.html]
[bhamashah.rajasthan.gov.in/content/raj/bhamashah/en/news-list/_-_-_.html]
[rajbot.rajasthan.gov.in/rajbot/user/images/ics/ics_header.html]
[rajbot.rajasthan.gov.in/rajbot/user/images/ics/ics_header-2.html]
[rajbot.rajasthan.gov.in/rajbot/user/images/icon-chat-close.html]
[bhamashah.rajasthan.gov.in/content/raj/bhamashah/en/news-list/null.html]
